#-----------------------------------------------------------------------------
# Taiwan Semiconductor Manufacturing Company, Ltd.
#-----------------------------------------------------------------------------
#
# CADENCE LEF 5.5 Stream layer mapping table for TSMC DSD 
#
#-----------------------------------------------------------------------------
# Layer/ Object Name Layer/ Object Type Layer Number Datatype
# <t_ layerObjectName> <t_ objectType> <n_ layerNum> <n_ datatype>
POLY1           NET                             13      0
CONT            VIA                             15      0
METAL1		NET, SPNET, VIA			16	0
METAL2		NET, SPNET, VIA			18	0
METAL3		NET, SPNET, VIA			28	0
VIA12		VIA				17	0
VIA23		VIA				27	0
METAL1		PIN				40	0
METAL2		PIN				41	0
METAL3		PIN				42	0
METAL1		FILL				16	1
METAL2		FILL				18	1
METAL3		FILL				28	1
VIA12		VIAFILL				17	1
VIA23		VIAFILL				27	1
DIEAREA 	ALL 				62	0
COMP		ALL				59	0
NAME		COMP				59	0
NAME		METAL1/PIN			40	0
NAME		METAL2/PIN			41	0
NAME		METAL3/PIN			42	0
METAL4		NET, SPNET, VIA			31	0
METAL4		FILL				31	1
METAL4		PIN				43	0
VIA34		VIAFILL				29	1
VIA34		VIA				29	0
NAME		METAL4/PIN			43	0
METAL5		NET, SPNET, VIA			33	0
METAL5		FILL				33	1
METAL5		PIN				44	0
VIA45		VIAFILL				32	1
VIA45		VIA				32	0
NAME		METAL5/PIN			44	0
METAL6		NET, SPNET, VIA			38	0
METAL6		FILL				38	1
METAL6		PIN				45	0
VIA56		VIAFILL				39	1
VIA56		VIA				39	0
NAME		METAL6/PIN			45	0
